2026-08-08 05:07:10.586: [INFO] CurrentProfilePath: C:\Users\saite\Documents\workspace-spring-tools-for-eclipse-5.2.0.RELEASE\.metadata\.plugins\org.eclipse.swt\EBWebView\Default
2026-08-08 05:07:10.586: [INFO] Profiles total count: 1
2026-08-08 05:07:10.586: [INFO] Profile: name=Profile 1 path=C:\Users\saite\Documents\workspace-spring-tools-for-eclipse-5.2.0.RELEASE\.metadata\.plugins\org.eclipse.swt\EBWebView\Default lastActive=null
2026-08-08 05:07:10.586: [INFO] LastUsedProfileDir: C:\Users\saite\Documents\workspace-spring-tools-for-eclipse-5.2.0.RELEASE\.metadata\.plugins\org.eclipse.swt\EBWebView\Default
2026-08-08 05:07:10.586: [INFO] OnDoneLoading sync enabled: 0
2026-08-08 05:07:10.586: [INFO] BookmarkModelLoaded, ids_reassigned: 0
2026-08-08 05:07:10.586: [INFO] BookmarksLoadDropped droppedNodes=0
2026-08-08 05:07:10.586: [INFO] BookmarksSnapshot Startup total=0 bar=0 other=0 mobile=0 showBar=0 showBarNTP=1
2026-08-08 05:07:12.200: [INFO] BookmarksSnapshot Shutdown total=0 bar=0 other=0 mobile=0 showBar=0 showBarNTP=1
2026-08-08 05:08:41.558: [INFO] CurrentProfilePath: C:\Users\saite\Documents\workspace-spring-tools-for-eclipse-5.2.0.RELEASE\.metadata\.plugins\org.eclipse.swt\EBWebView\Default
2026-08-08 05:08:41.558: [INFO] Profiles total count: 1
2026-08-08 05:08:41.558: [INFO] Profile: name=Profile 1 path=C:\Users\saite\Documents\workspace-spring-tools-for-eclipse-5.2.0.RELEASE\.metadata\.plugins\org.eclipse.swt\EBWebView\Default lastActive=null
2026-08-08 05:08:41.558: [INFO] LastUsedProfileDir: C:\Users\saite\Documents\workspace-spring-tools-for-eclipse-5.2.0.RELEASE\.metadata\.plugins\org.eclipse.swt\EBWebView\Default
2026-08-08 05:08:41.558: [INFO] OnDoneLoading sync enabled: 0
2026-08-08 05:08:41.558: [INFO] BookmarkModelLoaded, ids_reassigned: 0
2026-08-08 05:08:41.558: [INFO] BookmarksLoadDropped droppedNodes=0
2026-08-08 05:08:41.558: [INFO] BookmarksSnapshot Startup total=0 bar=0 other=0 mobile=0 showBar=0 showBarNTP=1
2026-08-08 05:08:43.839: [INFO] BookmarksSnapshot Shutdown total=0 bar=0 other=0 mobile=0 showBar=0 showBarNTP=1
2026-08-08 05:10:38.163: [INFO] CurrentProfilePath: C:\Users\saite\Documents\workspace-spring-tools-for-eclipse-5.2.0.RELEASE\.metadata\.plugins\org.eclipse.swt\EBWebView\Default
2026-08-08 05:10:38.163: [INFO] Profiles total count: 1
2026-08-08 05:10:38.163: [INFO] Profile: name=Profile 1 path=C:\Users\saite\Documents\workspace-spring-tools-for-eclipse-5.2.0.RELEASE\.metadata\.plugins\org.eclipse.swt\EBWebView\Default lastActive=null
2026-08-08 05:10:38.163: [INFO] LastUsedProfileDir: C:\Users\saite\Documents\workspace-spring-tools-for-eclipse-5.2.0.RELEASE\.metadata\.plugins\org.eclipse.swt\EBWebView\Default
2026-08-08 05:10:38.163: [INFO] OnDoneLoading sync enabled: 0
2026-08-08 05:10:38.163: [INFO] BookmarkModelLoaded, ids_reassigned: 0
2026-08-08 05:10:38.163: [INFO] BookmarksLoadDropped droppedNodes=0
2026-08-08 05:10:38.163: [INFO] BookmarksSnapshot Startup total=0 bar=0 other=0 mobile=0 showBar=0 showBarNTP=1
2026-08-08 05:14:03.486: [INFO] BookmarksSnapshot Shutdown total=0 bar=0 other=0 mobile=0 showBar=0 showBarNTP=1
2026-08-08 05:14:03.584: [INFO] CurrentProfilePath: C:\Users\saite\Documents\workspace-spring-tools-for-eclipse-5.2.0.RELEASE\.metadata\.plugins\org.eclipse.swt\EBWebView\Default
2026-08-08 05:14:03.584: [INFO] Profiles total count: 1
2026-08-08 05:14:03.584: [INFO] Profile: name=Profile 1 path=C:\Users\saite\Documents\workspace-spring-tools-for-eclipse-5.2.0.RELEASE\.metadata\.plugins\org.eclipse.swt\EBWebView\Default lastActive=null
2026-08-08 05:14:03.584: [INFO] LastUsedProfileDir: C:\Users\saite\Documents\workspace-spring-tools-for-eclipse-5.2.0.RELEASE\.metadata\.plugins\org.eclipse.swt\EBWebView\Default
2026-08-08 05:14:03.584: [INFO] OnDoneLoading sync enabled: 0
2026-08-08 05:14:03.584: [INFO] BookmarkModelLoaded, ids_reassigned: 0
2026-08-08 05:14:03.584: [INFO] BookmarksLoadDropped droppedNodes=0
2026-08-08 05:14:03.584: [INFO] BookmarksSnapshot Startup total=0 bar=0 other=0 mobile=0 showBar=0 showBarNTP=1
2026-08-08 05:21:50.640: [INFO] BookmarksSnapshot Shutdown total=0 bar=0 other=0 mobile=0 showBar=0 showBarNTP=1
2026-08-08 05:21:50.728: [INFO] CurrentProfilePath: C:\Users\saite\Documents\workspace-spring-tools-for-eclipse-5.2.0.RELEASE\.metadata\.plugins\org.eclipse.swt\EBWebView\Default
2026-08-08 05:21:50.728: [INFO] Profiles total count: 1
2026-08-08 05:21:50.728: [INFO] Profile: name=Profile 1 path=C:\Users\saite\Documents\workspace-spring-tools-for-eclipse-5.2.0.RELEASE\.metadata\.plugins\org.eclipse.swt\EBWebView\Default lastActive=null
2026-08-08 05:21:50.728: [INFO] LastUsedProfileDir: C:\Users\saite\Documents\workspace-spring-tools-for-eclipse-5.2.0.RELEASE\.metadata\.plugins\org.eclipse.swt\EBWebView\Default
2026-08-08 05:21:50.728: [INFO] OnDoneLoading sync enabled: 0
2026-08-08 05:21:50.728: [INFO] BookmarkModelLoaded, ids_reassigned: 0
2026-08-08 05:21:50.728: [INFO] BookmarksLoadDropped droppedNodes=0
2026-08-08 05:21:50.728: [INFO] BookmarksSnapshot Startup total=0 bar=0 other=0 mobile=0 showBar=0 showBarNTP=1
2026-08-08 05:44:15.706: [INFO] BookmarksSnapshot Shutdown total=0 bar=0 other=0 mobile=0 showBar=0 showBarNTP=1
2026-08-08 11:14:04.096: [INFO] CurrentProfilePath: C:\Users\saite\Documents\workspace-spring-tools-for-eclipse-5.2.0.RELEASE\.metadata\.plugins\org.eclipse.swt\EBWebView\Default
2026-08-08 11:14:04.096: [INFO] Profiles total count: 1
2026-08-08 11:14:04.096: [INFO] Profile: name=Profile 1 path=C:\Users\saite\Documents\workspace-spring-tools-for-eclipse-5.2.0.RELEASE\.metadata\.plugins\org.eclipse.swt\EBWebView\Default lastActive=null
2026-08-08 11:14:04.096: [INFO] LastUsedProfileDir: C:\Users\saite\Documents\workspace-spring-tools-for-eclipse-5.2.0.RELEASE\.metadata\.plugins\org.eclipse.swt\EBWebView\Default
2026-08-08 11:14:04.096: [INFO] OnDoneLoading sync enabled: 0
2026-08-08 11:14:04.096: [INFO] BookmarkModelLoaded, ids_reassigned: 0
2026-08-08 11:14:04.096: [INFO] BookmarksLoadDropped droppedNodes=0
2026-08-08 11:14:04.096: [INFO] BookmarksSnapshot Startup total=0 bar=0 other=0 mobile=0 showBar=0 showBarNTP=1
2026-08-08 11:57:22.247: [INFO] BookmarksSnapshot Shutdown total=0 bar=0 other=0 mobile=0 showBar=0 showBarNTP=1
2026-08-11 03:47:11.428: [INFO] CurrentProfilePath: C:\Users\saite\Documents\workspace-spring-tools-for-eclipse-5.2.0.RELEASE\.metadata\.plugins\org.eclipse.swt\EBWebView\Default
2026-08-11 03:47:11.428: [INFO] Profiles total count: 1
2026-08-11 03:47:11.428: [INFO] Profile: name=Profile 1 path=C:\Users\saite\Documents\workspace-spring-tools-for-eclipse-5.2.0.RELEASE\.metadata\.plugins\org.eclipse.swt\EBWebView\Default lastActive=null
2026-08-11 03:47:11.428: [INFO] LastUsedProfileDir: C:\Users\saite\Documents\workspace-spring-tools-for-eclipse-5.2.0.RELEASE\.metadata\.plugins\org.eclipse.swt\EBWebView\Default
2026-08-11 03:47:11.428: [INFO] OnDoneLoading sync enabled: 0
2026-08-11 03:47:11.428: [INFO] BookmarkModelLoaded, ids_reassigned: 0
2026-08-11 03:47:11.428: [INFO] BookmarksLoadDropped droppedNodes=0
2026-08-11 03:47:11.428: [INFO] BookmarksSnapshot Startup total=0 bar=0 other=0 mobile=0 showBar=0 showBarNTP=1
2026-08-11 03:50:23.491: [INFO] BookmarksSnapshot Shutdown total=0 bar=0 other=0 mobile=0 showBar=0 showBarNTP=1
2026-08-11 03:50:57.986: [INFO] CurrentProfilePath: C:\Users\saite\Documents\workspace-spring-tools-for-eclipse-5.2.0.RELEASE\.metadata\.plugins\org.eclipse.swt\EBWebView\Default
2026-08-11 03:50:57.986: [INFO] Profiles total count: 1
2026-08-11 03:50:57.986: [INFO] Profile: name=Profile 1 path=C:\Users\saite\Documents\workspace-spring-tools-for-eclipse-5.2.0.RELEASE\.metadata\.plugins\org.eclipse.swt\EBWebView\Default lastActive=null
2026-08-11 03:50:57.986: [INFO] LastUsedProfileDir: C:\Users\saite\Documents\workspace-spring-tools-for-eclipse-5.2.0.RELEASE\.metadata\.plugins\org.eclipse.swt\EBWebView\Default
2026-08-11 03:50:57.986: [INFO] OnDoneLoading sync enabled: 0
2026-08-11 03:50:57.986: [INFO] BookmarkModelLoaded, ids_reassigned: 0
2026-08-11 03:50:57.986: [INFO] BookmarksLoadDropped droppedNodes=0
2026-08-11 03:50:57.986: [INFO] BookmarksSnapshot Startup total=0 bar=0 other=0 mobile=0 showBar=0 showBarNTP=1
2026-08-11 03:52:27.171: [INFO] BookmarksSnapshot Shutdown total=0 bar=0 other=0 mobile=0 showBar=0 showBarNTP=1
2026-08-11 03:53:39.908: [INFO] CurrentProfilePath: C:\Users\saite\Documents\workspace-spring-tools-for-eclipse-5.2.0.RELEASE\.metadata\.plugins\org.eclipse.swt\EBWebView\Default
2026-08-11 03:53:39.908: [INFO] Profiles total count: 1
2026-08-11 03:53:39.908: [INFO] Profile: name=Profile 1 path=C:\Users\saite\Documents\workspace-spring-tools-for-eclipse-5.2.0.RELEASE\.metadata\.plugins\org.eclipse.swt\EBWebView\Default lastActive=null
2026-08-11 03:53:39.908: [INFO] LastUsedProfileDir: C:\Users\saite\Documents\workspace-spring-tools-for-eclipse-5.2.0.RELEASE\.metadata\.plugins\org.eclipse.swt\EBWebView\Default
2026-08-11 03:53:39.908: [INFO] OnDoneLoading sync enabled: 0
2026-08-11 03:53:39.908: [INFO] BookmarkModelLoaded, ids_reassigned: 0
2026-08-11 03:53:39.908: [INFO] BookmarksLoadDropped droppedNodes=0
2026-08-11 03:53:39.908: [INFO] BookmarksSnapshot Startup total=0 bar=0 other=0 mobile=0 showBar=0 showBarNTP=1
2026-08-11 03:54:08.252: [INFO] BookmarksSnapshot Shutdown total=0 bar=0 other=0 mobile=0 showBar=0 showBarNTP=1
2026-08-11 03:54:46.507: [INFO] CurrentProfilePath: C:\Users\saite\Documents\workspace-spring-tools-for-eclipse-5.2.0.RELEASE\.metadata\.plugins\org.eclipse.swt\EBWebView\Default
2026-08-11 03:54:46.507: [INFO] Profiles total count: 1
2026-08-11 03:54:46.507: [INFO] Profile: name=Profile 1 path=C:\Users\saite\Documents\workspace-spring-tools-for-eclipse-5.2.0.RELEASE\.metadata\.plugins\org.eclipse.swt\EBWebView\Default lastActive=null
2026-08-11 03:54:46.507: [INFO] LastUsedProfileDir: C:\Users\saite\Documents\workspace-spring-tools-for-eclipse-5.2.0.RELEASE\.metadata\.plugins\org.eclipse.swt\EBWebView\Default
2026-08-11 03:54:46.507: [INFO] OnDoneLoading sync enabled: 0
2026-08-11 03:54:46.507: [INFO] BookmarkModelLoaded, ids_reassigned: 0
2026-08-11 03:54:46.507: [INFO] BookmarksLoadDropped droppedNodes=0
2026-08-11 03:54:46.507: [INFO] BookmarksSnapshot Startup total=0 bar=0 other=0 mobile=0 showBar=0 showBarNTP=1
2026-08-11 03:56:38.156: [INFO] BookmarksSnapshot Shutdown total=0 bar=0 other=0 mobile=0 showBar=0 showBarNTP=1
